running egg_info
writing ../../build/g05_prii3_turtlesim/g05_prii3_turtlesim.egg-info/PKG-INFO
writing dependency_links to ../../build/g05_prii3_turtlesim/g05_prii3_turtlesim.egg-info/dependency_links.txt
writing entry points to ../../build/g05_prii3_turtlesim/g05_prii3_turtlesim.egg-info/entry_points.txt
writing requirements to ../../build/g05_prii3_turtlesim/g05_prii3_turtlesim.egg-info/requires.txt
writing top-level names to ../../build/g05_prii3_turtlesim/g05_prii3_turtlesim.egg-info/top_level.txt
reading manifest file '../../build/g05_prii3_turtlesim/g05_prii3_turtlesim.egg-info/SOURCES.txt'
adding license file 'LICENSE'
writing manifest file '../../build/g05_prii3_turtlesim/g05_prii3_turtlesim.egg-info/SOURCES.txt'
running build
running build_py
copying g05_prii3_turtlesim/G_controlturt.py -> /home/pauv17/g05_prii3_ws/build/g05_prii3_turtlesim/build/lib/g05_prii3_turtlesim
running install
running install_lib
copying /home/pauv17/g05_prii3_ws/build/g05_prii3_turtlesim/build/lib/g05_prii3_turtlesim/G_controlturt.py -> /home/pauv17/g05_prii3_ws/install/g05_prii3_turtlesim/lib/python3.10/site-packages/g05_prii3_turtlesim
byte-compiling /home/pauv17/g05_prii3_ws/install/g05_prii3_turtlesim/lib/python3.10/site-packages/g05_prii3_turtlesim/G_controlturt.py to G_controlturt.cpython-310.pyc
running install_data
running install_egg_info
removing '/home/pauv17/g05_prii3_ws/install/g05_prii3_turtlesim/lib/python3.10/site-packages/g05_prii3_turtlesim-0.0.0-py3.10.egg-info' (and everything under it)
Copying ../../build/g05_prii3_turtlesim/g05_prii3_turtlesim.egg-info to /home/pauv17/g05_prii3_ws/install/g05_prii3_turtlesim/lib/python3.10/site-packages/g05_prii3_turtlesim-0.0.0-py3.10.egg-info
running install_scripts
Installing mi_nodo_dibujante script to /home/pauv17/g05_prii3_ws/install/g05_prii3_turtlesim/lib/g05_prii3_turtlesim
writing list of installed files to '/home/pauv17/g05_prii3_ws/build/g05_prii3_turtlesim/install.log'
