[0.284s] Invoking command in '/home/pauv17/g05_prii3_ws/src/g05_prii3_turtlesim': PYTHONPATH=/home/pauv17/g05_prii3_ws/build/g05_prii3_turtlesim/prefix_override:/usr/lib/python3/dist-packages/colcon_core/task/python/colcon_distutils_commands:/home/pauv17/g05_prii3_ws/install/g05_prii3_turtlesim/lib/python3.10/site-packages:${PYTHONPATH} /usr/bin/python3 -W ignore:setup.py install is deprecated -W ignore:easy_install command is deprecated setup.py egg_info --egg-base ../../build/g05_prii3_turtlesim build --build-base /home/pauv17/g05_prii3_ws/build/g05_prii3_turtlesim/build install --record /home/pauv17/g05_prii3_ws/build/g05_prii3_turtlesim/install.log --install-scripts $base/lib/g05_prii3_turtlesim --single-version-externally-managed install_data
[0.394s] running egg_info
[0.395s] writing ../../build/g05_prii3_turtlesim/g05_prii3_turtlesim.egg-info/PKG-INFO
[0.395s] writing dependency_links to ../../build/g05_prii3_turtlesim/g05_prii3_turtlesim.egg-info/dependency_links.txt
[0.395s] writing entry points to ../../build/g05_prii3_turtlesim/g05_prii3_turtlesim.egg-info/entry_points.txt
[0.395s] writing requirements to ../../build/g05_prii3_turtlesim/g05_prii3_turtlesim.egg-info/requires.txt
[0.395s] writing top-level names to ../../build/g05_prii3_turtlesim/g05_prii3_turtlesim.egg-info/top_level.txt
[0.396s] reading manifest file '../../build/g05_prii3_turtlesim/g05_prii3_turtlesim.egg-info/SOURCES.txt'
[0.396s] adding license file 'LICENSE'
[0.396s] writing manifest file '../../build/g05_prii3_turtlesim/g05_prii3_turtlesim.egg-info/SOURCES.txt'
[0.396s] running build
[0.396s] running build_py
[0.396s] copying g05_prii3_turtlesim/G_controlturt.py -> /home/pauv17/g05_prii3_ws/build/g05_prii3_turtlesim/build/lib/g05_prii3_turtlesim
[0.396s] running install
[0.396s] running install_lib
[0.397s] copying /home/pauv17/g05_prii3_ws/build/g05_prii3_turtlesim/build/lib/g05_prii3_turtlesim/G_controlturt.py -> /home/pauv17/g05_prii3_ws/install/g05_prii3_turtlesim/lib/python3.10/site-packages/g05_prii3_turtlesim
[0.397s] byte-compiling /home/pauv17/g05_prii3_ws/install/g05_prii3_turtlesim/lib/python3.10/site-packages/g05_prii3_turtlesim/G_controlturt.py to G_controlturt.cpython-310.pyc
[0.397s] running install_data
[0.398s] running install_egg_info
[0.399s] removing '/home/pauv17/g05_prii3_ws/install/g05_prii3_turtlesim/lib/python3.10/site-packages/g05_prii3_turtlesim-0.0.0-py3.10.egg-info' (and everything under it)
[0.399s] Copying ../../build/g05_prii3_turtlesim/g05_prii3_turtlesim.egg-info to /home/pauv17/g05_prii3_ws/install/g05_prii3_turtlesim/lib/python3.10/site-packages/g05_prii3_turtlesim-0.0.0-py3.10.egg-info
[0.399s] running install_scripts
[0.410s] Installing mi_nodo_dibujante script to /home/pauv17/g05_prii3_ws/install/g05_prii3_turtlesim/lib/g05_prii3_turtlesim
[0.410s] writing list of installed files to '/home/pauv17/g05_prii3_ws/build/g05_prii3_turtlesim/install.log'
[0.423s] Invoked command in '/home/pauv17/g05_prii3_ws/src/g05_prii3_turtlesim' returned '0': PYTHONPATH=/home/pauv17/g05_prii3_ws/build/g05_prii3_turtlesim/prefix_override:/usr/lib/python3/dist-packages/colcon_core/task/python/colcon_distutils_commands:/home/pauv17/g05_prii3_ws/install/g05_prii3_turtlesim/lib/python3.10/site-packages:${PYTHONPATH} /usr/bin/python3 -W ignore:setup.py install is deprecated -W ignore:easy_install command is deprecated setup.py egg_info --egg-base ../../build/g05_prii3_turtlesim build --build-base /home/pauv17/g05_prii3_ws/build/g05_prii3_turtlesim/build install --record /home/pauv17/g05_prii3_ws/build/g05_prii3_turtlesim/install.log --install-scripts $base/lib/g05_prii3_turtlesim --single-version-externally-managed install_data
