running egg_info
creating ../../build/g05_prii3_turtlesim/g05_prii3_turtlesim.egg-info
writing ../../build/g05_prii3_turtlesim/g05_prii3_turtlesim.egg-info/PKG-INFO
writing dependency_links to ../../build/g05_prii3_turtlesim/g05_prii3_turtlesim.egg-info/dependency_links.txt
writing entry points to ../../build/g05_prii3_turtlesim/g05_prii3_turtlesim.egg-info/entry_points.txt
writing requirements to ../../build/g05_prii3_turtlesim/g05_prii3_turtlesim.egg-info/requires.txt
writing top-level names to ../../build/g05_prii3_turtlesim/g05_prii3_turtlesim.egg-info/top_level.txt
writing manifest file '../../build/g05_prii3_turtlesim/g05_prii3_turtlesim.egg-info/SOURCES.txt'
reading manifest file '../../build/g05_prii3_turtlesim/g05_prii3_turtlesim.egg-info/SOURCES.txt'
adding license file 'LICENSE'
writing manifest file '../../build/g05_prii3_turtlesim/g05_prii3_turtlesim.egg-info/SOURCES.txt'
running build
running build_py
creating /home/pauv17/g05_prii3_ws/build/g05_prii3_turtlesim/build
creating /home/pauv17/g05_prii3_ws/build/g05_prii3_turtlesim/build/lib
creating /home/pauv17/g05_prii3_ws/build/g05_prii3_turtlesim/build/lib/g05_prii3_turtlesim
copying g05_prii3_turtlesim/G_controlturt.py -> /home/pauv17/g05_prii3_ws/build/g05_prii3_turtlesim/build/lib/g05_prii3_turtlesim
copying g05_prii3_turtlesim/__init__.py -> /home/pauv17/g05_prii3_ws/build/g05_prii3_turtlesim/build/lib/g05_prii3_turtlesim
running install
running install_lib
creating /home/pauv17/g05_prii3_ws/install/g05_prii3_turtlesim/lib/python3.10/site-packages/g05_prii3_turtlesim
copying /home/pauv17/g05_prii3_ws/build/g05_prii3_turtlesim/build/lib/g05_prii3_turtlesim/G_controlturt.py -> /home/pauv17/g05_prii3_ws/install/g05_prii3_turtlesim/lib/python3.10/site-packages/g05_prii3_turtlesim
copying /home/pauv17/g05_prii3_ws/build/g05_prii3_turtlesim/build/lib/g05_prii3_turtlesim/__init__.py -> /home/pauv17/g05_prii3_ws/install/g05_prii3_turtlesim/lib/python3.10/site-packages/g05_prii3_turtlesim
byte-compiling /home/pauv17/g05_prii3_ws/install/g05_prii3_turtlesim/lib/python3.10/site-packages/g05_prii3_turtlesim/G_controlturt.py to G_controlturt.cpython-310.pyc
byte-compiling /home/pauv17/g05_prii3_ws/install/g05_prii3_turtlesim/lib/python3.10/site-packages/g05_prii3_turtlesim/__init__.py to __init__.cpython-310.pyc
running install_data
creating /home/pauv17/g05_prii3_ws/install/g05_prii3_turtlesim/share/ament_index
creating /home/pauv17/g05_prii3_ws/install/g05_prii3_turtlesim/share/ament_index/resource_index
creating /home/pauv17/g05_prii3_ws/install/g05_prii3_turtlesim/share/ament_index/resource_index/packages
copying resource/g05_prii3_turtlesim -> /home/pauv17/g05_prii3_ws/install/g05_prii3_turtlesim/share/ament_index/resource_index/packages
copying package.xml -> /home/pauv17/g05_prii3_ws/install/g05_prii3_turtlesim/share/g05_prii3_turtlesim
running install_egg_info
Copying ../../build/g05_prii3_turtlesim/g05_prii3_turtlesim.egg-info to /home/pauv17/g05_prii3_ws/install/g05_prii3_turtlesim/lib/python3.10/site-packages/g05_prii3_turtlesim-0.0.0-py3.10.egg-info
running install_scripts
Installing mi_nodo_dibujante script to /home/pauv17/g05_prii3_ws/install/g05_prii3_turtlesim/lib/g05_prii3_turtlesim
writing list of installed files to '/home/pauv17/g05_prii3_ws/build/g05_prii3_turtlesim/install.log'
