[0.302s] Invoking command in '/home/pauv17/g05_prii3_ws/src/g05_prii3_turtlesim': PYTHONPATH=/home/pauv17/g05_prii3_ws/build/g05_prii3_turtlesim/prefix_override:/usr/lib/python3/dist-packages/colcon_core/task/python/colcon_distutils_commands:/home/pauv17/g05_prii3_ws/install/g05_prii3_turtlesim/lib/python3.10/site-packages:${PYTHONPATH} /usr/bin/python3 -W ignore:setup.py install is deprecated -W ignore:easy_install command is deprecated setup.py egg_info --egg-base ../../build/g05_prii3_turtlesim build --build-base /home/pauv17/g05_prii3_ws/build/g05_prii3_turtlesim/build install --record /home/pauv17/g05_prii3_ws/build/g05_prii3_turtlesim/install.log --install-scripts $base/lib/g05_prii3_turtlesim --single-version-externally-managed install_data
[0.423s] running egg_info
[0.423s] creating ../../build/g05_prii3_turtlesim/g05_prii3_turtlesim.egg-info
[0.423s] writing ../../build/g05_prii3_turtlesim/g05_prii3_turtlesim.egg-info/PKG-INFO
[0.423s] writing dependency_links to ../../build/g05_prii3_turtlesim/g05_prii3_turtlesim.egg-info/dependency_links.txt
[0.424s] writing entry points to ../../build/g05_prii3_turtlesim/g05_prii3_turtlesim.egg-info/entry_points.txt
[0.424s] writing requirements to ../../build/g05_prii3_turtlesim/g05_prii3_turtlesim.egg-info/requires.txt
[0.424s] writing top-level names to ../../build/g05_prii3_turtlesim/g05_prii3_turtlesim.egg-info/top_level.txt
[0.424s] writing manifest file '../../build/g05_prii3_turtlesim/g05_prii3_turtlesim.egg-info/SOURCES.txt'
[0.424s] reading manifest file '../../build/g05_prii3_turtlesim/g05_prii3_turtlesim.egg-info/SOURCES.txt'
[0.424s] adding license file 'LICENSE'
[0.425s] writing manifest file '../../build/g05_prii3_turtlesim/g05_prii3_turtlesim.egg-info/SOURCES.txt'
[0.425s] running build
[0.425s] running build_py
[0.425s] creating /home/pauv17/g05_prii3_ws/build/g05_prii3_turtlesim/build
[0.425s] creating /home/pauv17/g05_prii3_ws/build/g05_prii3_turtlesim/build/lib
[0.425s] creating /home/pauv17/g05_prii3_ws/build/g05_prii3_turtlesim/build/lib/g05_prii3_turtlesim
[0.425s] copying g05_prii3_turtlesim/G_controlturt.py -> /home/pauv17/g05_prii3_ws/build/g05_prii3_turtlesim/build/lib/g05_prii3_turtlesim
[0.425s] copying g05_prii3_turtlesim/__init__.py -> /home/pauv17/g05_prii3_ws/build/g05_prii3_turtlesim/build/lib/g05_prii3_turtlesim
[0.425s] running install
[0.425s] running install_lib
[0.426s] creating /home/pauv17/g05_prii3_ws/install/g05_prii3_turtlesim/lib/python3.10/site-packages/g05_prii3_turtlesim
[0.426s] copying /home/pauv17/g05_prii3_ws/build/g05_prii3_turtlesim/build/lib/g05_prii3_turtlesim/G_controlturt.py -> /home/pauv17/g05_prii3_ws/install/g05_prii3_turtlesim/lib/python3.10/site-packages/g05_prii3_turtlesim
[0.426s] copying /home/pauv17/g05_prii3_ws/build/g05_prii3_turtlesim/build/lib/g05_prii3_turtlesim/__init__.py -> /home/pauv17/g05_prii3_ws/install/g05_prii3_turtlesim/lib/python3.10/site-packages/g05_prii3_turtlesim
[0.426s] byte-compiling /home/pauv17/g05_prii3_ws/install/g05_prii3_turtlesim/lib/python3.10/site-packages/g05_prii3_turtlesim/G_controlturt.py to G_controlturt.cpython-310.pyc
[0.426s] byte-compiling /home/pauv17/g05_prii3_ws/install/g05_prii3_turtlesim/lib/python3.10/site-packages/g05_prii3_turtlesim/__init__.py to __init__.cpython-310.pyc
[0.426s] running install_data
[0.426s] creating /home/pauv17/g05_prii3_ws/install/g05_prii3_turtlesim/share/ament_index
[0.426s] creating /home/pauv17/g05_prii3_ws/install/g05_prii3_turtlesim/share/ament_index/resource_index
[0.426s] creating /home/pauv17/g05_prii3_ws/install/g05_prii3_turtlesim/share/ament_index/resource_index/packages
[0.426s] copying resource/g05_prii3_turtlesim -> /home/pauv17/g05_prii3_ws/install/g05_prii3_turtlesim/share/ament_index/resource_index/packages
[0.427s] copying package.xml -> /home/pauv17/g05_prii3_ws/install/g05_prii3_turtlesim/share/g05_prii3_turtlesim
[0.427s] running install_egg_info
[0.428s] Copying ../../build/g05_prii3_turtlesim/g05_prii3_turtlesim.egg-info to /home/pauv17/g05_prii3_ws/install/g05_prii3_turtlesim/lib/python3.10/site-packages/g05_prii3_turtlesim-0.0.0-py3.10.egg-info
[0.428s] running install_scripts
[0.439s] Installing mi_nodo_dibujante script to /home/pauv17/g05_prii3_ws/install/g05_prii3_turtlesim/lib/g05_prii3_turtlesim
[0.439s] writing list of installed files to '/home/pauv17/g05_prii3_ws/build/g05_prii3_turtlesim/install.log'
[0.451s] Invoked command in '/home/pauv17/g05_prii3_ws/src/g05_prii3_turtlesim' returned '0': PYTHONPATH=/home/pauv17/g05_prii3_ws/build/g05_prii3_turtlesim/prefix_override:/usr/lib/python3/dist-packages/colcon_core/task/python/colcon_distutils_commands:/home/pauv17/g05_prii3_ws/install/g05_prii3_turtlesim/lib/python3.10/site-packages:${PYTHONPATH} /usr/bin/python3 -W ignore:setup.py install is deprecated -W ignore:easy_install command is deprecated setup.py egg_info --egg-base ../../build/g05_prii3_turtlesim build --build-base /home/pauv17/g05_prii3_ws/build/g05_prii3_turtlesim/build install --record /home/pauv17/g05_prii3_ws/build/g05_prii3_turtlesim/install.log --install-scripts $base/lib/g05_prii3_turtlesim --single-version-externally-managed install_data
