[0.065s] DEBUG:colcon:Command line arguments: ['/usr/bin/colcon', 'build']
[0.065s] DEBUG:colcon:Parsed command line arguments: Namespace(log_base=None, log_level=None, verb_name='build', build_base='build', install_base='install', merge_install=False, symlink_install=False, test_result_base=None, continue_on_error=False, executor='parallel', parallel_workers=20, event_handlers=None, ignore_user_meta=False, metas=['./colcon.meta'], base_paths=['.'], packages_ignore=None, packages_ignore_regex=None, paths=None, packages_up_to=None, packages_up_to_regex=None, packages_above=None, packages_above_and_dependencies=None, packages_above_depth=None, packages_select_by_dep=None, packages_skip_by_dep=None, packages_skip_up_to=None, packages_select_build_failed=False, packages_skip_build_finished=False, packages_select_test_failures=False, packages_skip_test_passed=False, packages_select=None, packages_skip=None, packages_select_regex=None, packages_skip_regex=None, packages_start=None, packages_end=None, allow_overriding=[], cmake_args=None, cmake_target=None, cmake_target_skip_unavailable=False, cmake_clean_cache=False, cmake_clean_first=False, cmake_force_configure=False, ament_cmake_args=None, catkin_cmake_args=None, catkin_skip_building_tests=False, mixin_files=None, mixin=None, verb_parser=<colcon_mixin.mixin.mixin_argument.MixinArgumentDecorator object at 0x766e253658d0>, verb_extension=<colcon_core.verb.build.BuildVerb object at 0x766e2547aa70>, main=<bound method BuildVerb.main of <colcon_core.verb.build.BuildVerb object at 0x766e2547aa70>>, mixin_verb=('build',))
[0.142s] Level 1:colcon.colcon_core.package_discovery:discover_packages(colcon_meta) check parameters
[0.142s] Level 1:colcon.colcon_core.package_discovery:discover_packages(recursive) check parameters
[0.142s] Level 1:colcon.colcon_core.package_discovery:discover_packages(ignore) check parameters
[0.142s] Level 1:colcon.colcon_core.package_discovery:discover_packages(path) check parameters
[0.142s] Level 1:colcon.colcon_core.package_discovery:discover_packages(colcon_meta) discover
[0.142s] Level 1:colcon.colcon_core.package_discovery:discover_packages(recursive) discover
[0.142s] INFO:colcon.colcon_core.package_discovery:Crawling recursively for packages in '/home/pauv17/g05_prii3_ws'
[0.142s] Level 1:colcon.colcon_core.package_identification:_identify(.) by extensions ['ignore', 'ignore_ament_install']
[0.142s] Level 1:colcon.colcon_core.package_identification:_identify(.) by extension 'ignore'
[0.142s] Level 1:colcon.colcon_core.package_identification:_identify(.) by extension 'ignore_ament_install'
[0.142s] Level 1:colcon.colcon_core.package_identification:_identify(.) by extensions ['colcon_pkg']
[0.142s] Level 1:colcon.colcon_core.package_identification:_identify(.) by extension 'colcon_pkg'
[0.142s] Level 1:colcon.colcon_core.package_identification:_identify(.) by extensions ['colcon_meta']
[0.142s] Level 1:colcon.colcon_core.package_identification:_identify(.) by extension 'colcon_meta'
[0.142s] Level 1:colcon.colcon_core.package_identification:_identify(.) by extensions ['ros']
[0.142s] Level 1:colcon.colcon_core.package_identification:_identify(.) by extension 'ros'
[0.148s] Level 1:colcon.colcon_core.package_identification:_identify(.) by extensions ['cmake', 'python']
[0.148s] Level 1:colcon.colcon_core.package_identification:_identify(.) by extension 'cmake'
[0.148s] Level 1:colcon.colcon_core.package_identification:_identify(.) by extension 'python'
[0.148s] Level 1:colcon.colcon_core.package_identification:_identify(.) by extensions ['python_setup_py']
[0.148s] Level 1:colcon.colcon_core.package_identification:_identify(.) by extension 'python_setup_py'
[0.148s] Level 1:colcon.colcon_core.package_identification:_identify(build) by extensions ['ignore', 'ignore_ament_install']
[0.148s] Level 1:colcon.colcon_core.package_identification:_identify(build) by extension 'ignore'
[0.148s] Level 1:colcon.colcon_core.package_identification:_identify(build) ignored
[0.148s] Level 1:colcon.colcon_core.package_identification:_identify(install) by extensions ['ignore', 'ignore_ament_install']
[0.148s] Level 1:colcon.colcon_core.package_identification:_identify(install) by extension 'ignore'
[0.148s] Level 1:colcon.colcon_core.package_identification:_identify(install) ignored
[0.148s] Level 1:colcon.colcon_core.package_identification:_identify(log) by extensions ['ignore', 'ignore_ament_install']
[0.148s] Level 1:colcon.colcon_core.package_identification:_identify(log) by extension 'ignore'
[0.148s] Level 1:colcon.colcon_core.package_identification:_identify(log) ignored
[0.148s] Level 1:colcon.colcon_core.package_identification:_identify(src) by extensions ['ignore', 'ignore_ament_install']
[0.148s] Level 1:colcon.colcon_core.package_identification:_identify(src) by extension 'ignore'
[0.148s] Level 1:colcon.colcon_core.package_identification:_identify(src) by extension 'ignore_ament_install'
[0.148s] Level 1:colcon.colcon_core.package_identification:_identify(src) by extensions ['colcon_pkg']
[0.148s] Level 1:colcon.colcon_core.package_identification:_identify(src) by extension 'colcon_pkg'
[0.148s] Level 1:colcon.colcon_core.package_identification:_identify(src) by extensions ['colcon_meta']
[0.148s] Level 1:colcon.colcon_core.package_identification:_identify(src) by extension 'colcon_meta'
[0.148s] Level 1:colcon.colcon_core.package_identification:_identify(src) by extensions ['ros']
[0.148s] Level 1:colcon.colcon_core.package_identification:_identify(src) by extension 'ros'
[0.148s] Level 1:colcon.colcon_core.package_identification:_identify(src) by extensions ['cmake', 'python']
[0.148s] Level 1:colcon.colcon_core.package_identification:_identify(src) by extension 'cmake'
[0.148s] Level 1:colcon.colcon_core.package_identification:_identify(src) by extension 'python'
[0.149s] Level 1:colcon.colcon_core.package_identification:_identify(src) by extensions ['python_setup_py']
[0.149s] Level 1:colcon.colcon_core.package_identification:_identify(src) by extension 'python_setup_py'
[0.149s] Level 1:colcon.colcon_core.package_identification:_identify(src/g05_prii3_turtlesim) by extensions ['ignore', 'ignore_ament_install']
[0.149s] Level 1:colcon.colcon_core.package_identification:_identify(src/g05_prii3_turtlesim) by extension 'ignore'
[0.149s] Level 1:colcon.colcon_core.package_identification:_identify(src/g05_prii3_turtlesim) by extension 'ignore_ament_install'
[0.149s] Level 1:colcon.colcon_core.package_identification:_identify(src/g05_prii3_turtlesim) by extensions ['colcon_pkg']
[0.149s] Level 1:colcon.colcon_core.package_identification:_identify(src/g05_prii3_turtlesim) by extension 'colcon_pkg'
[0.149s] Level 1:colcon.colcon_core.package_identification:_identify(src/g05_prii3_turtlesim) by extensions ['colcon_meta']
[0.149s] Level 1:colcon.colcon_core.package_identification:_identify(src/g05_prii3_turtlesim) by extension 'colcon_meta'
[0.149s] Level 1:colcon.colcon_core.package_identification:_identify(src/g05_prii3_turtlesim) by extensions ['ros']
[0.149s] Level 1:colcon.colcon_core.package_identification:_identify(src/g05_prii3_turtlesim) by extension 'ros'
[0.150s] DEBUG:colcon.colcon_core.package_identification:Package 'src/g05_prii3_turtlesim' with type 'ros.ament_python' and name 'g05_prii3_turtlesim'
[0.150s] Level 1:colcon.colcon_core.package_discovery:discover_packages(recursive) using defaults
[0.150s] Level 1:colcon.colcon_core.package_discovery:discover_packages(ignore) discover
[0.150s] Level 1:colcon.colcon_core.package_discovery:discover_packages(ignore) using defaults
[0.150s] Level 1:colcon.colcon_core.package_discovery:discover_packages(path) discover
[0.150s] Level 1:colcon.colcon_core.package_discovery:discover_packages(path) using defaults
[0.166s] Level 1:colcon.colcon_core.package_discovery:discover_packages(prefix_path) check parameters
[0.166s] Level 1:colcon.colcon_core.package_discovery:discover_packages(prefix_path) discover
[0.167s] DEBUG:colcon.colcon_installed_package_information.package_discovery:Found 273 installed packages in /opt/ros/humble
[0.168s] Level 1:colcon.colcon_core.package_discovery:discover_packages(prefix_path) using defaults
[0.185s] Level 5:colcon.colcon_core.verb:set package 'g05_prii3_turtlesim' build argument 'cmake_args' from command line to 'None'
[0.185s] Level 5:colcon.colcon_core.verb:set package 'g05_prii3_turtlesim' build argument 'cmake_target' from command line to 'None'
[0.185s] Level 5:colcon.colcon_core.verb:set package 'g05_prii3_turtlesim' build argument 'cmake_target_skip_unavailable' from command line to 'False'
[0.185s] Level 5:colcon.colcon_core.verb:set package 'g05_prii3_turtlesim' build argument 'cmake_clean_cache' from command line to 'False'
[0.185s] Level 5:colcon.colcon_core.verb:set package 'g05_prii3_turtlesim' build argument 'cmake_clean_first' from command line to 'False'
[0.185s] Level 5:colcon.colcon_core.verb:set package 'g05_prii3_turtlesim' build argument 'cmake_force_configure' from command line to 'False'
[0.185s] Level 5:colcon.colcon_core.verb:set package 'g05_prii3_turtlesim' build argument 'ament_cmake_args' from command line to 'None'
[0.185s] Level 5:colcon.colcon_core.verb:set package 'g05_prii3_turtlesim' build argument 'catkin_cmake_args' from command line to 'None'
[0.185s] Level 5:colcon.colcon_core.verb:set package 'g05_prii3_turtlesim' build argument 'catkin_skip_building_tests' from command line to 'False'
[0.185s] DEBUG:colcon.colcon_core.verb:Building package 'g05_prii3_turtlesim' with the following arguments: {'ament_cmake_args': None, 'build_base': '/home/pauv17/g05_prii3_ws/build/g05_prii3_turtlesim', 'catkin_cmake_args': None, 'catkin_skip_building_tests': False, 'cmake_args': None, 'cmake_clean_cache': False, 'cmake_clean_first': False, 'cmake_force_configure': False, 'cmake_target': None, 'cmake_target_skip_unavailable': False, 'install_base': '/home/pauv17/g05_prii3_ws/install/g05_prii3_turtlesim', 'merge_install': False, 'path': '/home/pauv17/g05_prii3_ws/src/g05_prii3_turtlesim', 'symlink_install': False, 'test_result_base': None}
[0.185s] INFO:colcon.colcon_core.executor:Executing jobs using 'parallel' executor
[0.186s] DEBUG:colcon.colcon_parallel_executor.executor.parallel:run_until_complete
[0.186s] INFO:colcon.colcon_ros.task.ament_python.build:Building ROS package in '/home/pauv17/g05_prii3_ws/src/g05_prii3_turtlesim' with build type 'ament_python'
[0.186s] Level 1:colcon.colcon_core.shell:create_environment_hook('g05_prii3_turtlesim', 'ament_prefix_path')
[0.187s] INFO:colcon.colcon_core.plugin_system:Skipping extension 'colcon_core.shell.bat': Not used on non-Windows systems
[0.187s] INFO:colcon.colcon_core.shell:Creating environment hook '/home/pauv17/g05_prii3_ws/install/g05_prii3_turtlesim/share/g05_prii3_turtlesim/hook/ament_prefix_path.ps1'
[0.188s] INFO:colcon.colcon_core.shell:Creating environment descriptor '/home/pauv17/g05_prii3_ws/install/g05_prii3_turtlesim/share/g05_prii3_turtlesim/hook/ament_prefix_path.dsv'
[0.188s] INFO:colcon.colcon_core.shell:Creating environment hook '/home/pauv17/g05_prii3_ws/install/g05_prii3_turtlesim/share/g05_prii3_turtlesim/hook/ament_prefix_path.sh'
[0.188s] INFO:colcon.colcon_core.shell:Skip shell extension 'powershell' for command environment: Not usable outside of PowerShell
[0.188s] DEBUG:colcon.colcon_core.shell:Skip shell extension 'dsv' for command environment
[0.310s] INFO:colcon.colcon_core.task.python.build:Building Python package in '/home/pauv17/g05_prii3_ws/src/g05_prii3_turtlesim'
[0.311s] INFO:colcon.colcon_core.shell:Skip shell extension 'powershell' for command environment: Not usable outside of PowerShell
[0.311s] DEBUG:colcon.colcon_core.shell:Skip shell extension 'dsv' for command environment
[0.487s] DEBUG:colcon.colcon_core.task.python.build:Available setuptools commands: clean, saveopts, build, bdist, egg_info, install_egg_info, build_ext, develop, alias, bdist_rpm, build_clib, install, dist_info, test, sdist, install_headers, install_lib, upload_docs, easy_install, bdist_dumb, install_data, symlink_data, build_py, rotate, setopt, install_scripts, build_scripts, check, bdist_egg, upload, register
[0.488s] DEBUG:colcon.colcon_core.event_handler.log_command:Invoking command in '/home/pauv17/g05_prii3_ws/src/g05_prii3_turtlesim': PYTHONPATH=/home/pauv17/g05_prii3_ws/build/g05_prii3_turtlesim/prefix_override:/usr/lib/python3/dist-packages/colcon_core/task/python/colcon_distutils_commands:/home/pauv17/g05_prii3_ws/install/g05_prii3_turtlesim/lib/python3.10/site-packages:${PYTHONPATH} /usr/bin/python3 -W ignore:setup.py install is deprecated -W ignore:easy_install command is deprecated setup.py egg_info --egg-base ../../build/g05_prii3_turtlesim build --build-base /home/pauv17/g05_prii3_ws/build/g05_prii3_turtlesim/build install --record /home/pauv17/g05_prii3_ws/build/g05_prii3_turtlesim/install.log --install-scripts $base/lib/g05_prii3_turtlesim --single-version-externally-managed install_data
[0.637s] DEBUG:colcon.colcon_core.event_handler.log_command:Invoked command in '/home/pauv17/g05_prii3_ws/src/g05_prii3_turtlesim' returned '0': PYTHONPATH=/home/pauv17/g05_prii3_ws/build/g05_prii3_turtlesim/prefix_override:/usr/lib/python3/dist-packages/colcon_core/task/python/colcon_distutils_commands:/home/pauv17/g05_prii3_ws/install/g05_prii3_turtlesim/lib/python3.10/site-packages:${PYTHONPATH} /usr/bin/python3 -W ignore:setup.py install is deprecated -W ignore:easy_install command is deprecated setup.py egg_info --egg-base ../../build/g05_prii3_turtlesim build --build-base /home/pauv17/g05_prii3_ws/build/g05_prii3_turtlesim/build install --record /home/pauv17/g05_prii3_ws/build/g05_prii3_turtlesim/install.log --install-scripts $base/lib/g05_prii3_turtlesim --single-version-externally-managed install_data
[0.643s] Level 1:colcon.colcon_core.environment:checking '/home/pauv17/g05_prii3_ws/install/g05_prii3_turtlesim' for CMake module files
[0.644s] Level 1:colcon.colcon_core.environment:checking '/home/pauv17/g05_prii3_ws/install/g05_prii3_turtlesim' for CMake config files
[0.644s] Level 1:colcon.colcon_core.environment:checking '/home/pauv17/g05_prii3_ws/install/g05_prii3_turtlesim/lib'
[0.644s] Level 1:colcon.colcon_core.environment:checking '/home/pauv17/g05_prii3_ws/install/g05_prii3_turtlesim/bin'
[0.644s] Level 1:colcon.colcon_core.environment:checking '/home/pauv17/g05_prii3_ws/install/g05_prii3_turtlesim/lib/pkgconfig/g05_prii3_turtlesim.pc'
[0.644s] Level 1:colcon.colcon_core.environment:checking '/home/pauv17/g05_prii3_ws/install/g05_prii3_turtlesim/lib/python3.10/site-packages'
[0.644s] Level 1:colcon.colcon_core.shell:create_environment_hook('g05_prii3_turtlesim', 'pythonpath')
[0.644s] INFO:colcon.colcon_core.shell:Creating environment hook '/home/pauv17/g05_prii3_ws/install/g05_prii3_turtlesim/share/g05_prii3_turtlesim/hook/pythonpath.ps1'
[0.645s] INFO:colcon.colcon_core.shell:Creating environment descriptor '/home/pauv17/g05_prii3_ws/install/g05_prii3_turtlesim/share/g05_prii3_turtlesim/hook/pythonpath.dsv'
[0.645s] INFO:colcon.colcon_core.shell:Creating environment hook '/home/pauv17/g05_prii3_ws/install/g05_prii3_turtlesim/share/g05_prii3_turtlesim/hook/pythonpath.sh'
[0.645s] Level 1:colcon.colcon_core.environment:checking '/home/pauv17/g05_prii3_ws/install/g05_prii3_turtlesim/bin'
[0.645s] Level 1:colcon.colcon_core.environment:create_environment_scripts_only(g05_prii3_turtlesim)
[0.645s] INFO:colcon.colcon_core.shell:Creating package script '/home/pauv17/g05_prii3_ws/install/g05_prii3_turtlesim/share/g05_prii3_turtlesim/package.ps1'
[0.646s] INFO:colcon.colcon_core.shell:Creating package descriptor '/home/pauv17/g05_prii3_ws/install/g05_prii3_turtlesim/share/g05_prii3_turtlesim/package.dsv'
[0.646s] INFO:colcon.colcon_core.shell:Creating package script '/home/pauv17/g05_prii3_ws/install/g05_prii3_turtlesim/share/g05_prii3_turtlesim/package.sh'
[0.647s] INFO:colcon.colcon_core.shell:Creating package script '/home/pauv17/g05_prii3_ws/install/g05_prii3_turtlesim/share/g05_prii3_turtlesim/package.bash'
[0.647s] INFO:colcon.colcon_core.shell:Creating package script '/home/pauv17/g05_prii3_ws/install/g05_prii3_turtlesim/share/g05_prii3_turtlesim/package.zsh'
[0.648s] Level 1:colcon.colcon_core.environment:create_file_with_runtime_dependencies(/home/pauv17/g05_prii3_ws/install/g05_prii3_turtlesim/share/colcon-core/packages/g05_prii3_turtlesim)
[0.648s] DEBUG:colcon.colcon_parallel_executor.executor.parallel:closing loop
[0.648s] DEBUG:colcon.colcon_parallel_executor.executor.parallel:loop closed
[0.648s] DEBUG:colcon.colcon_parallel_executor.executor.parallel:run_until_complete finished with '0'
[0.648s] DEBUG:colcon.colcon_core.event_reactor:joining thread
[0.652s] INFO:colcon.colcon_core.plugin_system:Skipping extension 'colcon_notification.desktop_notification.terminal_notifier': Not used on non-Darwin systems
[0.652s] INFO:colcon.colcon_core.plugin_system:Skipping extension 'colcon_notification.desktop_notification.win32': Not used on non-Windows systems
[0.652s] INFO:colcon.colcon_notification.desktop_notification:Sending desktop notification using 'notify2'
[0.662s] DEBUG:colcon.colcon_core.event_reactor:joined thread
[0.662s] INFO:colcon.colcon_core.shell:Creating prefix script '/home/pauv17/g05_prii3_ws/install/local_setup.ps1'
[0.663s] INFO:colcon.colcon_core.shell:Creating prefix util module '/home/pauv17/g05_prii3_ws/install/_local_setup_util_ps1.py'
[0.664s] INFO:colcon.colcon_core.shell:Creating prefix chain script '/home/pauv17/g05_prii3_ws/install/setup.ps1'
[0.664s] INFO:colcon.colcon_core.shell:Creating prefix script '/home/pauv17/g05_prii3_ws/install/local_setup.sh'
[0.664s] INFO:colcon.colcon_core.shell:Creating prefix util module '/home/pauv17/g05_prii3_ws/install/_local_setup_util_sh.py'
[0.665s] INFO:colcon.colcon_core.shell:Creating prefix chain script '/home/pauv17/g05_prii3_ws/install/setup.sh'
[0.665s] INFO:colcon.colcon_core.shell:Creating prefix script '/home/pauv17/g05_prii3_ws/install/local_setup.bash'
[0.665s] INFO:colcon.colcon_core.shell:Creating prefix chain script '/home/pauv17/g05_prii3_ws/install/setup.bash'
[0.666s] INFO:colcon.colcon_core.shell:Creating prefix script '/home/pauv17/g05_prii3_ws/install/local_setup.zsh'
[0.666s] INFO:colcon.colcon_core.shell:Creating prefix chain script '/home/pauv17/g05_prii3_ws/install/setup.zsh'
